63.173.168.120 - - [04/Nov/2021:15:07:25 -0500] "GET /search/tag/list HTTP/1.0" 200 5003
김주찬 dddd wwww zzzz asdadw ㄴㄴㄴ zzz
63.173.168.120 - - [04/Nov/2021:15:07:25 -0500] "GET juchan HTTP/1.0" 200 5003
63.173.168.120 - - [04/Nov/2021:15:07:25 -0500] "POST Create juchan HTTP/1.0" 200 5003
2020/14/20 - POST User2 200 503